016, 0x0000000000000000000000000000000000000000000000000000000000002da4, 0x2da42da42da42da42da42da42da42da42da42da42da42da42da42da42da42da4
032, 0x00000000000000000000000000000000000000000000000000000000c64b0ff0, 0xc64b0ff0c64b0ff0c64b0ff0c64b0ff0c64b0ff0c64b0ff0c64b0ff0c64b0ff0
064, 0x0000000000000000000000000000000000000000000000005e5fc9a06b438e00, 0x5e5fc9a06b438e005e5fc9a06b438e005e5fc9a06b438e005e5fc9a06b438e00
128, 0x00000000000000000000000000000000b2949efb56249ff3476fe8f60e85e919, 0xb2949efb56249ff3476fe8f60e85e919b2949efb56249ff3476fe8f60e85e919
256, 0x6953d33fd0b011e329daff1aaab2e7541f97568eb40df4048187f2fac04c29bb, 0x6953d33fd0b011e329daff1aaab2e7541f97568eb40df4048187f2fac04c29bb
