032, 0xd39c5bb2d89f20a2, 0x2ae83ec6b3c607d7, 0x2377A0A1D67407AC981ED586CAD4D60E
064, 0x317a54e07d0ff488, 0x514e496042ed567f, 0xFB6D64F60FB67EE146BE531D8F7FF78
032, 0xFFFFFFFFFFFFFFFF, 0xFFFFFFFFFFFFFFFF, 0xFFFFFFFE00000001FFFFFFFE00000001
064, 0xFFFFFFFFFFFFFFFF, 0xFFFFFFFFFFFFFFFF, 0xFFFFFFFFFFFFFFFE0000000000000001
032, 0x697e818552dda306, 0x0000000000000000, 0x00000000000000000000000000000000
064, 0xdd6dfccbeb9828b9, 0x0000000000000000, 0x00000000000000000000000000000000
032, 0x0000000000000000, 0xf772f40be2cb3834, 0x00000000000000000000000000000000
064, 0x0000000000000000, 0xb3adbee5bc5ec566, 0x00000000000000000000000000000000
032, 0x0d1b354e3f5d98d8, 0x0000000100000001, 0x000000000d1b354e000000003f5d98d8
064, 0x99fe30e2ae131f94, 0x0000000000000001, 0x000000000000000099fe30e2ae131f94
032, 0x0000000100000001, 0x1ca1be076df8eb44, 0x000000001ca1be07000000006df8eb44
064, 0x0000000000000001, 0xa375c54a4f7c7052, 0x0000000000000000a375c54a4f7c7052
