016, 0x42eea7db9157632a3415173e01109a0cbad1031303e32694de9462fef1e1283f, 0x0000, 0x653721dee7c96c454d1b91749e78fffff6ba5fa05700f902a1e954ea0d119f0e, 0x0000, 0, 0x42eea7db9157632a3415173e01109a0cbad1031303e32694de9462fef1e1283f
032, 0x0d69ffb25b7f7c9335d65fc6f1942282ac429753c786d7a9c9d3d8afc18495c8, 0x0000, 0xc76c84cb38c996892ba2b51534ab49c2c5c30fda676c6ec910dce26bb8d94c4b, 0x0000, 0, 0x0d69ffb25b7f7c9335d65fc6f1942282ac429753c786d7a9c9d3d8afc18495c8
064, 0x0b2ff6ea4005b7fa0f4f393872deb1957bb7e309acfd1004358587ad22dfdfd2, 0x0000, 0xf68b6989604cb8ca98da1b3921c7a58fb0c62102549e1fea8a08adb9268ac712, 0x0000, 0, 0x0b2ff6ea4005b7fa0f4f393872deb1957bb7e309acfd1004358587ad22dfdfd2
128, 0xc75a3c3de86487a2d3e713b58420525ddbc989dcdfbe6b18f0320fdfc46b7ad2, 0x0000, 0xa0a1aac3471fb65923949d165c7862bb8927721d879dffbbaf11c063d52a10f2, 0x0000, 0, 0xc75a3c3de86487a2d3e713b58420525ddbc989dcdfbe6b18f0320fdfc46b7ad2
256, 0xbb03a5fa49bb62977f33b89e5996f1a5306694d61ca15299964019511d7fa6fc, 0x0000, 0x3025c57a4b76b9d200e69e7a1ae8fa85f5eaf841d7740033e11ec9907050e9f7, 0x0000, 0, 0xbb03a5fa49bb62977f33b89e5996f1a5306694d61ca15299964019511d7fa6fc
016, 0xe726825e148c132f07251fe39c7102c7b67d4251b77e7091500d24aa95cee0a7, 0xFFFF, 0x93a7cd8afa1f8ff74e7d86f997f4084ef5ab5af3eacf0e4b461652461e795c83, 0x0000, 0, 0x93a7cd8afa1f8ff74e7d86f997f4084ef5ab5af3eacf0e4b461652461e795c83
032, 0x071a55a6fe09d1f69ef82ba03a33d58a16e0b35c5b7c8364c7b645dfc8ec4618, 0xFFFF, 0x2186714d36556f17963ad2b932e9d4067442a3ecc5ceebdfdb47854053914599, 0x0000, 0, 0x2186714d36556f17963ad2b932e9d4067442a3ecc5ceebdfdb47854053914599
064, 0x4e65a6d2caca97afa1de53cc720170c56bec91be0f44c417649450f5b2e29e20, 0xFFFF, 0xa7f84e6d3821df1b5d270a065ebd99a71682b6ba888b24efec157e6e34ff3360, 0x0000, 0, 0xa7f84e6d3821df1b5d270a065ebd99a71682b6ba888b24efec157e6e34ff3360
128, 0x13c8f30083126d981221845e8f7a3fc6a07ba38453a0bcf1b4744ece19cc88d0, 0xFFFF, 0xc171d6b20c82bc6ffcd00475dea8eda471e836e9c2b0ab3c1f17e67e13c58444, 0x0000, 0, 0xc171d6b20c82bc6ffcd00475dea8eda471e836e9c2b0ab3c1f17e67e13c58444
256, 0xe042ba9b8950c64c6e156bd5d66ac10cecb9f9d31d59f708a8ab5f06982c8fc4, 0xFFFF, 0x00df9599c9735d02e5f29b2f44643a49b2ba1fa515fb087108aaf8da5809a602, 0x0000, 0, 0x00df9599c9735d02e5f29b2f44643a49b2ba1fa515fb087108aaf8da5809a602
016, 0xc29369d15640ea2acbc445470c245c91ba6a80720a39eb25b01a4a49bc55cde9, 0x0000, 0xe32adf88ead7526c260bfe4a421bc9a80a3423d7e52e2487c9a728837f28f05a, 0xFFFF, 0, 0xe32adf88ead7526c260bfe4a421bc9a80a3423d7e52e2487c9a728837f28f05a
032, 0x4fc9692d7e862b69839a8f33126895e7c6ca0b353c120917150a43bd2851d1cc, 0x0000, 0x797ede2139f5125b193d3d61866d1a618a2205bf08eac52c9055cac296e32b1d, 0xFFFF, 0, 0x797ede2139f5125b193d3d61866d1a618a2205bf08eac52c9055cac296e32b1d
064, 0x66892d25890e357713929c6963aa7b65cb2a3cf456e8fb17173963a6bf385e71, 0x0000, 0xbfbd6d601272a866cd3c3d7a02c4d47fec524e7109604c717fb764754f9eed36, 0xFFFF, 0, 0xbfbd6d601272a866cd3c3d7a02c4d47fec524e7109604c717fb764754f9eed36
128, 0xfc525441c0f1afdd27e0576e3b71883fe00912b528818137cb7940d4864af966, 0x0000, 0xe66bf4cc1f7c2642719d37f1837804fc8068aee55ee09e98820bb8588f19539f, 0xFFFF, 0, 0xe66bf4cc1f7c2642719d37f1837804fc8068aee55ee09e98820bb8588f19539f
256, 0x9a40942445c19a5c33727f34c5669296fae8dc12442e6ace0b9f0f51a73deaa8, 0x0000, 0xd871961e9bee6111e69d560c2d6dc3157492ef966e0bfa6192a67a1dbcfb1adf, 0xFFFF, 0, 0xd871961e9bee6111e69d560c2d6dc3157492ef966e0bfa6192a67a1dbcfb1adf
016, 0xd70a48e2badc64b1564efde8dd588385d41c180bbff0547c7d343aff72a5b9d5, 0xFFFF, 0x8455d1741da457a6952377daa89bc4b0f70d20d43eb8f7316c2591e8094111ad, 0xFFFF, 0, 0x8455d1741da457a6952377daa89bc4b0f70d20d43eb8f7316c2591e8094111ad
032, 0x3e1068f2a8ecb37029ff6a79c739d3b72a7b4aab8680c3ec4b582026b03a54fc, 0xFFFF, 0x04171339f9c346373494c631947ddee1f43c2d05b9f7fc801db3cbf365d25505, 0xFFFF, 0, 0x04171339f9c346373494c631947ddee1f43c2d05b9f7fc801db3cbf365d25505
064, 0x94582bbc836a4de300ee24f29c9b127bed55c5acc323fa88042125d8d30deeaa, 0xFFFF, 0x274f41ac11dc628c9fff3c10763dd9d5e6116d97917ca3a3d20d1ab49e08706d, 0xFFFF, 0, 0x274f41ac11dc628c9fff3c10763dd9d5e6116d97917ca3a3d20d1ab49e08706d
128, 0x9d0798c2a248947437029c44d640642c3cb073ead967f51f0456d806205d4ba7, 0xFFFF, 0xf277cec7d94f47506a48a87b40ff271b51fd09ce6044f0c34c8d12476f495042, 0xFFFF, 0, 0xf277cec7d94f47506a48a87b40ff271b51fd09ce6044f0c34c8d12476f495042
256, 0xa5a33f3bda3080198b1bcc878d345ff5666f6d5075a38370b86554a51ba2a19b, 0xFFFF, 0x9c7c3103f1dd0e19eacfe7a681e2b25a8b2a897eb8ca9fc43a2e89e2af2276d1, 0xFFFF, 0, 0x9c7c3103f1dd0e19eacfe7a681e2b25a8b2a897eb8ca9fc43a2e89e2af2276d1
016, 0xedb8de531c119d402e260e2cc67ca30eb622a4257652eec6f095f675f04fbf2c, 0x7a62, 0x63f6942822a66ac11524c2483dd97ba4e0c32c3418e581317377da03c8638f9a, 0xd9ab, 0, 0x63f6942822a66ac115240e2c3dd97ba4e0c32c3418e5eec67377f675c8638f9a
032, 0x405768f6e89b04ef79f84568ad6db49be07fb74e9ad172d4b835d38c328131af, 0x17b5, 0x9c3e35fc6f5e115fbd66e5535151b4e45712b972af374de87cda1f755c63dba5, 0x497f, 0, 0x405768f6e89b04efbd66e5535151b4e45712b972af374de87cda1f755c63dba5
064, 0x250dff2381a68f9e8137b4634b994b999eb2bc7a7dab3e3b3d3dccd19082f078, 0xd0a6, 0x51ac3c8eade92f2d76d7366987941078f382e867cc814b6636234973fddb21ba, 0x1cd9, 0, 0x51ac3c8eade92f2d76d7366987941078f382e867cc814b6636234973fddb21ba
128, 0x032d576534ce68a20758fd2f15328e9f6e97a017f1446b4d54315afcede3c943, 0xc5b0, 0x4712d60491c7541bfc6947be009fbb1a0a32e4c08a59fca31cc9423abc4534b8, 0x7ed7, 0, 0x4712d60491c7541bfc6947be009fbb1a0a32e4c08a59fca31cc9423abc4534b8
256, 0xfe3469a282fff4c3bd6b8047f0b29828951fe94590bfae675c42b329948877ef, 0x77d6, 0x64b13b417da9c49af2f0ec67be55a923dffcf588f6aa2462a52bc592ee55aa34, 0x9e4d, 0, 0x64b13b417da9c49af2f0ec67be55a923dffcf588f6aa2462a52bc592ee55aa34
016, 0xc7e33e4b8a607623ec6f929e99993999cc702ea23b5260313641ce4a9f4c3066, 0xFFFF, 0xfe62f8a2e941cbb9617c64092cbef5231b5bdc057f3d466c835ac96cdfed361d, 0x0000, 1, 0xc7e33e4b8a607623ec6f929e99993999cc702ea23b5260313641ce4a9f4c3066
032, 0x0ff7b50b90fc29ac73b0d93ba1009f8b1475fd9917c19dafeec1b2d5889e73fe, 0xFFFF, 0xdcbe2f9b382ba57a6c7de2f81ae256e618fd4c7fdb0c3d920dc48a64acff8b20, 0x0000, 1, 0x0ff7b50b90fc29ac73b0d93ba1009f8b1475fd9917c19dafeec1b2d5889e73fe
064, 0xfaadbd8d25a30d903f6c8cfa7e00f7d3367aedfffc255e83a244fe6302dc2b78, 0xFFFF, 0xcd78be0983d07d16745666afc8f471f4412576921448651b194e56acb3ad89e8, 0x0000, 1, 0xfaadbd8d25a30d903f6c8cfa7e00f7d3367aedfffc255e83a244fe6302dc2b78
128, 0x54cf660a52e9b3f9ac1748be8d95e89c85c3b1f26f9cb68eacb0a1b8e6bad52e, 0xFFFF, 0x577badc6a3564d6c1cee8c31ef5deadd5e4c485e6ec214a1e1292047284fc004, 0x0000, 1, 0x54cf660a52e9b3f9ac1748be8d95e89c85c3b1f26f9cb68eacb0a1b8e6bad52e
256, 0x7a4777bd52f4cc2ec9f19f9e4095bdc0c8da114318ef86113d15390eba5d95e4, 0xFFFF, 0x4bed6c4cb6250b4ef3ed8f7e5bc386a17659c9016bf6dbf3255551e54e437cb7, 0x0000, 1, 0x7a4777bd52f4cc2ec9f19f9e4095bdc0c8da114318ef86113d15390eba5d95e4
016, 0x08ff9ff3ed5504bd48ff81c37ca7ae6e658ec2a30937769e45b576d585f7cf47, 0xFFFF, 0xc7c8352dd0b1aa29a842c4ad7dd2345363b59119c65d7e98581e10ab59985cce, 0xFFFF, 1, 0x08ff9ff3ed5504bd48ff81c37ca7ae6e658ec2a30937769e45b576d585f7cf47
032, 0xb64b3c9385e780393c03f4b9799384b209c59a03a70ed162b8aa4336e2613247, 0xFFFF, 0x2677a44696db769744a6b3518d3e2d1f29a61783dbf22effd5128e6fcf543529, 0xFFFF, 1, 0xb64b3c9385e780393c03f4b9799384b209c59a03a70ed162b8aa4336e2613247
064, 0x3e9fb90b48b999ba9b82d7e2240c6addb8863644107ace041dc67d5d63641c91, 0xFFFF, 0xce8506d557e0f2be25f693212645f33a4d1d0e1a5a1f7d2db84b5c2eb2ec7376, 0xFFFF, 1, 0x3e9fb90b48b999ba9b82d7e2240c6addb8863644107ace041dc67d5d63641c91
128, 0x85d3db43561c15328010b6a6b517cea89bf9dac745ffaf721804628dfe8e231c, 0xFFFF, 0xa6b8ad8707daa45aeb5337b6a4d41711386d98ea0fe9877b6cc64b5d33ccc777, 0xFFFF, 1, 0x85d3db43561c15328010b6a6b517cea89bf9dac745ffaf721804628dfe8e231c
256, 0xf9f56ecdbe371a3b17888c82e0e4771df4b915837bd764cb256c21793d7185cf, 0xFFFF, 0x8f885be8b0b5113bb42ed9e18fcf6791d1d4e6889826d0800c34422f45e38b8c, 0xFFFF, 1, 0xf9f56ecdbe371a3b17888c82e0e4771df4b915837bd764cb256c21793d7185cf
016, 0x8ae41247ead6f08a64fb234c31e52328dcdeddd4312010833c855c2de0d7a515, 0x0000, 0x7a5d5af1102abc4185afce8d6bd7260d7f25bc35e27383a5062157979b570ef1, 0x0000, 1, 0x7a5d5af1102abc4185afce8d6bd7260d7f25bc35e27383a5062157979b570ef1
032, 0xe4f1e5e29ff3e5b206fdd1d970daa878f66349021a6ed1559e4db7638aafa12e, 0x0000, 0x3fdfe03e58ccd521adaa611763d88f3bfc1c3e5e9f6145d58c637d64441a026a, 0x0000, 1, 0x3fdfe03e58ccd521adaa611763d88f3bfc1c3e5e9f6145d58c637d64441a026a
064, 0xdb23cde0f655634ffcfc34946fe3137622a49a6878b58c44ee1da22f0d084ab8, 0x0000, 0xbfebcbb9b4bd9a66d22516a33c741fe560dbf4bec3b7f98491e2964de70d25b0, 0x0000, 1, 0xbfebcbb9b4bd9a66d22516a33c741fe560dbf4bec3b7f98491e2964de70d25b0
128, 0xff66dda37f963d50d9fc77a8fa09411ad88b07b226979e85f2d33f907e6b6e94, 0x0000, 0x3f5298f5c0cb4e1f7abf65d681c6339874f5c9d0505dc079c1b6acb2f3987cf9, 0x0000, 1, 0x3f5298f5c0cb4e1f7abf65d681c6339874f5c9d0505dc079c1b6acb2f3987cf9
256, 0x704eaba9240dab54c5cebf27c735f81424a2d1a99cc6c1477dbe7f5fa1399147, 0x0000, 0xce97f3c540d487bff02052e7c348c3e8426d8dd8026729b65a8fabf33d9778b0, 0x0000, 1, 0xce97f3c540d487bff02052e7c348c3e8426d8dd8026729b65a8fabf33d9778b0
016, 0x2d0f836ac9e371e1f25b3b4c6368fffb8cfabeecb4f8d14156fe7c1449716de8, 0x0000, 0x5798650e161cf2a8c055597d92df0952bd474d9b2f865ee0d6eb110893281c3a, 0xFFFF, 1, 0x5798650e161cf2a8c055597d92df0952bd474d9b2f865ee0d6eb110893281c3a
032, 0xb3ca831a824d1801686eeb8d7fda29c551a3be493eceab7cb3b89e8a12c9c23a, 0x0000, 0x367e61bb5aa56d4692ccbe89c764592507a16c5fa189d9fde664e88b017f7e35, 0xFFFF, 1, 0x367e61bb5aa56d4692ccbe89c764592507a16c5fa189d9fde664e88b017f7e35
064, 0x98356f9adb91cd88a9de1aad3041ad20cc050365b91fe822ebcbb2ef23f40df5, 0x0000, 0x125028510b2eacafb73e4ecd3be081c6249ddec71adfa1620ecbc925c92305d2, 0xFFFF, 1, 0x125028510b2eacafb73e4ecd3be081c6249ddec71adfa1620ecbc925c92305d2
128, 0xf537af19fe44b931f7bdb9ffc61edfe6b646232a0e5a117dc7162b4fc824130e, 0x0000, 0x15ec867b85387c610971b7f92ee9890f906049bab294199cc3dc4bbc16a09f2b, 0xFFFF, 1, 0x15ec867b85387c610971b7f92ee9890f906049bab294199cc3dc4bbc16a09f2b
256, 0x2a5abc4d0fd927bdd396741fae62cac9bd5af6c279fcfe09d5691f4cdf3b515a, 0x0000, 0x2603c8255dd056abc52f80c45ac209261f620d2df4cac7ff065e86aaa6567ce1, 0xFFFF, 1, 0x2603c8255dd056abc52f80c45ac209261f620d2df4cac7ff065e86aaa6567ce1
016, 0x29f47252969d69c9a38d8b148268a71f9fe092783b26f95c938deb295be9c053, 0x61ac, 0xd565bb51981159a1a96a73483e60aa9c9e7bd7228575af1934de282eaeab08a5, 0x8314, 1, 0xd5657252969d59a1a96a73483e60a71f9fe0d7223b26af19938deb29aeab08a5
032, 0x82807d758f2e69212d9e5dcbc1b8f1be9e643f7b0d7f6b3aec2a31687e255f8a, 0x7809, 0xb5893fa80e2f51711855481956ead444ba52401e9b18e15e7c08424a84b0648c, 0x7d09, 1, 0xb5893fa88f2e69212d9e5dcb56ead444ba52401e9b18e15eec2a316884b0648c
064, 0x5e2d8610c3b533717e0ee8849a39c3062279ad039d001e8ee9457fa076de6624, 0x8d09, 0x8e88c6d6f8d269dae6e0381181dfa546281c11e2a1d6489fcffcae88cfff49c2, 0xba6e, 1, 0x5e2d8610c3b533717e0ee8849a39c306281c11e2a1d6489fe9457fa076de6624
128, 0xfab5a1dbac576d20b69bcdb787e0fed338b2d78daa749027f0629825532430e3, 0x1d37, 0xf0406c3cc8cebc50b2a6f8d4d1000b6b450c0e135ba669338bbafeecd25aeabc, 0xbd0b, 1, 0xf0406c3cc8cebc50b2a6f8d4d1000b6b450c0e135ba669338bbafeecd25aeabc
256, 0x26e8fe433764ce4bca219aeae0d355db3f7bb791291b930902e11c0caba8f51c, 0x26db, 0x54d73a0b2c3e4cf3d71cf06630628c9dbdc37b143586c7a0c4d9e731db709be7, 0xc96a, 1, 0x54d73a0b2c3e4cf3d71cf06630628c9dbdc37b143586c7a0c4d9e731db709be7
