016, 0x0000000000000000000000000000000000000000000000000000000000000000, 0x0000000000000000000000000000000000000000000000000000000000000000, 0xFFFF, 0, 0x0001000100010001000100010001000100010001000100010001000100010001, 0x0000
032, 0x0000000000000000000000000000000000000000000000000000000000000000, 0x0000000000000000000000000000000000000000000000000000000000000000, 0xFFFF, 0, 0x0000000100000001000000010000000100000001000000010000000100000001, 0x0000
064, 0x0000000000000000000000000000000000000000000000000000000000000000, 0x0000000000000000000000000000000000000000000000000000000000000000, 0xFFFF, 0, 0x0000000000000001000000000000000100000000000000010000000000000001, 0x0000
128, 0x0000000000000000000000000000000000000000000000000000000000000000, 0x0000000000000000000000000000000000000000000000000000000000000000, 0xFFFF, 0, 0x0000000000000000000000000000000100000000000000000000000000000001, 0x0000
256, 0x0000000000000000000000000000000000000000000000000000000000000000, 0x0000000000000000000000000000000000000000000000000000000000000000, 0xFFFF, 0, 0x0000000000000000000000000000000000000000000000000000000000000001, 0x0000
016, 0xFFFFFFFFFFFFFFFFFFFFFFFFFFFFFFFFFFFFFFFFFFFFFFFFFFFFFFFFFFFFFFFF, 0x0002000200020002000200020002000200020002000200020002000200020002, 0x0000, 0, 0x0001000100010001000100010001000100010001000100010001000100010001, 0xFFFF
032, 0xFFFFFFFFFFFFFFFFFFFFFFFFFFFFFFFFFFFFFFFFFFFFFFFFFFFFFFFFFFFFFFFF, 0x0000000200000002000000020000000200000002000000020000000200000002, 0xAAAA, 0, 0x0000000100000001000000010000000100000001000000010000000100000001, 0xFFFF
064, 0xFFFFFFFFFFFFFFFFFFFFFFFFFFFFFFFFFFFFFFFFFFFFFFFFFFFFFFFFFFFFFFFF, 0x0000000000000002000000000000000200000000000000020000000000000002, 0x2222, 0, 0x0000000000000001000000000000000100000000000000010000000000000001, 0xFFFF
128, 0xFFFFFFFFFFFFFFFFFFFFFFFFFFFFFFFFFFFFFFFFFFFFFFFFFFFFFFFFFFFFFFFF, 0x0000000000000000000000000000000200000000000000000000000000000002, 0x0202, 0, 0x0000000000000000000000000000000100000000000000000000000000000001, 0xFFFF
256, 0xFFFFFFFFFFFFFFFFFFFFFFFFFFFFFFFFFFFFFFFFFFFFFFFFFFFFFFFFFFFFFFFF, 0x0000000000000000000000000000000000000000000000000000000000000002, 0x0002, 0, 0x0000000000000000000000000000000000000000000000000000000000000001, 0xFFFF
016, 0xc69ac69ac69ac69ac69ac69ac69ac69ac69ac69ac69ac69ac69ac69ac69ac69a, 0xaf1caf1caf1caf1caf1caf1caf1caf1caf1caf1caf1caf1caf1caf1caf1caf1c, 0xFFFF, 1, 0x177E177E177E177E177E177E177E177E177E177E177E177E177E177E177E177E, 0xFFFF
032, 0xc06bf44bc06bf44bc06bf44bc06bf44bc06bf44bc06bf44bc06bf44bc06bf44b, 0xa9544cf9a9544cf9a9544cf9a9544cf9a9544cf9a9544cf9a9544cf9a9544cf9, 0xFFFF, 1, 0x1717A7521717A7521717A7521717A7521717A7521717A7521717A7521717A752, 0xFFFF
064, 0xe4aa0ea3fb8b4000e4aa0ea3fb8b4000e4aa0ea3fb8b4000e4aa0ea3fb8b4000, 0x9267ae994a3a38009267ae994a3a38009267ae994a3a38009267ae994a3a3800, 0xFFFF, 1, 0x5242600AB15108005242600AB15108005242600AB15108005242600AB1510800, 0xBBBB
128, 0xdeb78842093f72f6ac3ca3e53b835ff4deb78842093f72f6ac3ca3e53b835ff4, 0xad146759a6431781a8eb8c745a43d789ad146759a6431781a8eb8c745a43d789, 0xFFFF, 1, 0x31A320E862FC5B7503511770E13F886B31A320E862FC5B7503511770E13F886B, 0xDCDC
256, 0xfeb5cfff11edc8a2e529a44ac133457bfefb5a48866a0a2c5c805773f878e76b, 0xbb4cfb388f016e8b15d401d8eea806a4e6374c908d870de7451e45aff6fb3f58, 0xFFFF, 1, 0x4368D4C682EC5A17CF55A271D28B3ED718C40DB7F8E2FC45176211C4017DA813, 0x9DCF
016, 0x8797879787978797879787978797879787978797879787978797879787978797, 0xd5e1d5e1d5e1d5e1d5e1d5e1d5e1d5e1d5e1d5e1d5e1d5e1d5e1d5e1d5e1d5e1, 0xFFFF, 1, 0xb1b6b1b6b1b6b1b6b1b6b1b6b1b6b1b6b1b6b1b6b1b6b1b6b1b6b1b6b1b6b1b6, 0x0000
032, 0xa5438f08a5438f08a5438f08a5438f08a5438f08a5438f08a5438f08a5438f08, 0xd0c574d3d0c574d3d0c574d3d0c574d3d0c574d3d0c574d3d0c574d3d0c574d3, 0xFFFF, 1, 0xd47e1a35d47e1a35d47e1a35d47e1a35d47e1a35d47e1a35d47e1a35d47e1a35, 0x5555
064, 0x88330a000709b7ce88330a000709b7ce88330a000709b7ce88330a000709b7ce, 0xc3b2a9165261d50ac3b2a9165261d50ac3b2a9165261d50ac3b2a9165261d50a, 0xFFFF, 1, 0xc48060e9b4a7e2c4c48060e9b4a7e2c4c48060e9b4a7e2c4c48060e9b4a7e2c4, 0x0000
128, 0x89061131e2bc60c6c8600fde7025430489061131e2bc60c6c8600fde70254304, 0xc79fe6af6b672d4389c2deb41914f306c79fe6af6b672d4389c2deb41914f306, 0xFFFF, 1, 0xc1662a82775533833e9d312a57104ffec1662a82775533833e9d312a57104ffe, 0x3A3A
256, 0x84ca07062382f77f0e0f29cec73271133abb7a8106103c7a6153b6691bbe3ba8, 0xde6a8ee2d2a3c5e50bf069863f72253472b3fbad45f8304c98bf40ab9776ec9f, 0xFFFF, 1, 0xa65f782350df319a021ec04887c04bdec8077ed3c0180c2dc89475bd84474f09, 0x1B14
