016, 0x1636b1b2df230d6340449d422e462e917e16afe04919c244b48aba0d8dac41c6, 0x2ac43f774e476d410ae5512834d9afc9e9eabc9ebc1cc97c75ee74195d282995, 1, 0x3f77b1b26d410d6351289d42afc92e91bc9eafe0c97cc2447419ba0d299541c6
032, 0xe87f80d14781d52237979f40782c76080e17647327e44d7b6219104093bddaaa, 0x5063c81e929a1a2aaec4ecb99ae20e59d4037d9444d119a86b2509e7331a1cd2, 1, 0x929a1a2a4781d5229ae20e59782c760844d119a827e44d7b331a1cd293bddaaa
064, 0xd368ccc9b9f85deff850da7398c22305bd9f36ef8eb5b6f20de7b41cf0937837, 0xa38b96defc6e6e730cf74ef1498c511e00b612735f9b5f184b36a85283d42ada, 1, 0x0cf74ef1498c511ef850da7398c223054b36a85283d42ada0de7b41cf0937837
128, 0x7f8f5531dd3cc48a5ba8196903fbd83bd65b3e3515c1b67a16b1fee0e9909ad7, 0x94215013b634181a6ed58213390bc1e64d523587eb4104628aad8cea65ee9f77, 1, 0x4d523587eb4104628aad8cea65ee9f77d65b3e3515c1b67a16b1fee0e9909ad7
016, 0x0e45c8507e7c2306dffebfd712213df6e46c9fc04bb3e016c891bc66ebc73cde, 0x9cdbc3b952a8c22505a791ede4b7b71a594f769b8b069ff7bdc38c7b9bdc08de, 0, 0x9cdb0e4552a87e7c05a7dffee4b71221594fe46c8b064bb3bdc3c8919bdcebc7
032, 0x19d48ec51a4860d459441dc5d05cf26752f3f1f696b932ed0c6701f29c777819, 0x372ae692dd5424c53dd07d23db40429f63367745c4eee5ca03dca88bb284906b, 0, 0x372ae69219d48ec53dd07d2359441dc56336774552f3f1f603dca88b0c6701f2
064, 0x67da4823bf1f5882c5084e154e06c5e7015e4f90037c1aa670876bd21d2ba32b, 0xe6aa49ba91447aaca6743ebb78889d36e181388ff8f322067885be295137cdbe, 0, 0xe6aa49ba91447aac67da4823bf1f5882e181388ff8f32206015e4f90037c1aa6
128, 0x5618f029e3973ebcceb4e619091fd07a054bfe9a7d9b303b79d55aa3ceb8e629, 0xe6065378a9daf92d31281a6aff39c2ac778ebbbd37f704cc116b789397fc16cc, 0, 0xe6065378a9daf92d31281a6aff39c2ac5618f029e3973ebcceb4e619091fd07a
