256, 0x8ac4dbd587d960acd03d41d3d73acb8c94b9019c483513c0c3532eb6a28df2bd, 0x5a563f341e34df73aff8380b4a6a3c51719be0b974565032a4c6738022271884, 1, 000, 0x5A563F341E34DF73AFF8380B4A6A3C51719BE0B974565032A4C6738022271884
256, 0x8ac4dbd587d960acd03d41d3d73acb8c94b9019c483513c0c3532eb6a28df2bd, 0x5a563f341e34df73aff8380b4a6a3c51719be0b974565032a4c6738022271884, 1, 008, 0xBD5A563F341E34DF73AFF8380B4A6A3C51719BE0B974565032A4C67380222718
256, 0x8ac4dbd587d960acd03d41d3d73acb8c94b9019c483513c0c3532eb6a28df2bd, 0x5a563f341e34df73aff8380b4a6a3c51719be0b974565032a4c6738022271884, 1, 027, 0x51BE57AB4AC7E683C69BEE75FF0701694D478A2E337C172E8ACA065498CE7004
256, 0x8ac4dbd587d960acd03d41d3d73acb8c94b9019c483513c0c3532eb6a28df2bd, 0x5a563f341e34df73aff8380b4a6a3c51719be0b974565032a4c6738022271884, 1, 072, 0xC0C3532EB6A28DF2BD5A563F341E34DF73AFF8380B4A6A3C51719BE0B9745650
256, 0x8ac4dbd587d960acd03d41d3d73acb8c94b9019c483513c0c3532eb6a28df2bd, 0x5a563f341e34df73aff8380b4a6a3c51719be0b974565032a4c6738022271884, 1, 111, 0x0338906A278186A65D6D451BE57AB4AC7E683C69BEE75FF0701694D478A2E337
256, 0x8ac4dbd587d960acd03d41d3d73acb8c94b9019c483513c0c3532eb6a28df2bd, 0x5a563f341e34df73aff8380b4a6a3c51719be0b974565032a4c6738022271884, 1, 248, 0xC4DBD587D960ACD03D41D3D73ACB8C94B9019C483513C0C3532EB6A28DF2BD5A
256, 0x0000000000000000000000000000000000000000000000000000000000000000, 0x6fd8710127d4d4ad003290c2cdce8a5f5aaaa606ba10b355e9a3e48786b3a7a3, 0, 000, 0x6fd8710127d4d4ad003290c2cdce8a5f5aaaa606ba10b355e9a3e48786b3a7a3
256, 0x0000000000000000000000000000000000000000000000000000000000000000, 0x6fd8710127d4d4ad003290c2cdce8a5f5aaaa606ba10b355e9a3e48786b3a7a3, 0, 003, 0x7EC388093EA6A568019486166E7452FAD5553035D0859AAF4D1F243C359D3D18
256, 0x0000000000000000000000000000000000000000000000000000000000000000, 0x6fd8710127d4d4ad003290c2cdce8a5f5aaaa606ba10b355e9a3e48786b3a7a3, 0, 008, 0xD8710127D4D4AD003290C2CDCE8A5F5AAAA606BA10B355E9A3E48786B3A7A300
256, 0x0000000000000000000000000000000000000000000000000000000000000000, 0x6fd8710127d4d4ad003290c2cdce8a5f5aaaa606ba10b355e9a3e48786b3a7a3, 0, 096, 0xCDCE8A5F5AAAA606BA10B355E9A3E48786B3A7A3000000000000000000000000
256, 0x0000000000000000000000000000000000000000000000000000000000000000, 0x6fd8710127d4d4ad003290c2cdce8a5f5aaaa606ba10b355e9a3e48786b3a7a3, 0, 168, 0x10B355E9A3E48786B3A7A3000000000000000000000000000000000000000000
256, 0x0000000000000000000000000000000000000000000000000000000000000000, 0x6fd8710127d4d4ad003290c2cdce8a5f5aaaa606ba10b355e9a3e48786b3a7a3, 0, 200, 0xA3E48786B3A7A300000000000000000000000000000000000000000000000000
016, 0x0000000000000000000000000000000000000000000000000000000000000000, 0xc5d7c1b67a6cec64f6f47faa49872e39615002f247049ee465d10cede44988e9, 1, 000, 0xc5d7c1b67a6cec64f6f47faa49872e39615002f247049ee465d10cede44988e9
016, 0x0000000000000000000000000000000000000000000000000000000000000000, 0xc5d7c1b67a6cec64f6f47faa49872e39615002f247049ee465d10cede44988e9, 1, 003, 0x18ba18360f4d1d8c1ede0ff5093005c70c2a005e08e013dc0cba019d1c89111d
016, 0x0000000000000000000000000000000000000000000000000000000000000000, 0xc5d7c1b67a6cec64f6f47faa49872e39615002f247049ee465d10cede44988e9, 1, 011, 0x00180018000f001d001e000f00090005000c000000080013000c0001001c0011
016, 0x0000000000000000000000000000000000000000000000000000000000000000, 0xc5d7c1b67a6cec64f6f47faa49872e39615002f247049ee465d10cede44988e9, 1, 016, 0x0000000000000000000000000000000000000000000000000000000000000000
016, 0x0000000000000000000000000000000000000000000000000000000000000000, 0xc5d7c1b67a6cec64f6f47faa49872e39615002f247049ee465d10cede44988e9, 0, 000, 0xc5d7c1b67a6cec64f6f47faa49872e39615002f247049ee465d10cede44988e9
016, 0x0000000000000000000000000000000000000000000000000000000000000000, 0xc5d7c1b67a6cec64f6f47faa49872e39615002f247049ee465d10cede44988e9, 0, 003, 0x2eb80db0d3606320b7a0fd504c3871c80a8017903820f7202e88676822484748
016, 0x0000000000000000000000000000000000000000000000000000000000000000, 0xc5d7c1b67a6cec64f6f47faa49872e39615002f247049ee465d10cede44988e9, 0, 011, 0xb800b00060002000a00050003800c80080009000200020008800680048004800
016, 0x0000000000000000000000000000000000000000000000000000000000000000, 0xc5d7c1b67a6cec64f6f47faa49872e39615002f247049ee465d10cede44988e9, 0, 016, 0x0000000000000000000000000000000000000000000000000000000000000000
032, 0x0000000000000000000000000000000000000000000000000000000000000000, 0xe0f8483faafdc87403b01f4bf45bddfd4c216e3fa22628158604094ddc7b70b2, 1, 000, 0xe0f8483faafdc87403b01f4bf45bddfd4c216e3fa22628158604094ddc7b70b2
032, 0x0000000000000000000000000000000000000000000000000000000000000000, 0xe0f8483faafdc87403b01f4bf45bddfd4c216e3fa22628158604094ddc7b70b2, 1, 003, 0x1c1f0907155fb90e007603e91e8b7bbf09842dc71444c50210c081291b8f6e16
032, 0x0000000000000000000000000000000000000000000000000000000000000000, 0xe0f8483faafdc87403b01f4bf45bddfd4c216e3fa22628158604094ddc7b70b2, 1, 011, 0x001c1f0900155fb900007603001e8b7b0009842d001444c50010c081001b8f6e
032, 0x0000000000000000000000000000000000000000000000000000000000000000, 0xe0f8483faafdc87403b01f4bf45bddfd4c216e3fa22628158604094ddc7b70b2, 1, 016, 0x0000e0f80000aafd000003b00000f45b00004c210000a226000086040000dc7b
032, 0x0000000000000000000000000000000000000000000000000000000000000000, 0xe0f8483faafdc87403b01f4bf45bddfd4c216e3fa22628158604094ddc7b70b2, 1, 022, 0x00000383000002ab0000000e000003d100000130000002880000021800000371
032, 0x0000000000000000000000000000000000000000000000000000000000000000, 0xe0f8483faafdc87403b01f4bf45bddfd4c216e3fa22628158604094ddc7b70b2, 1, 032, 0x0000000000000000000000000000000000000000000000000000000000000000
032, 0x0000000000000000000000000000000000000000000000000000000000000000, 0xe0f8483faafdc87403b01f4bf45bddfd4c216e3fa22628158604094ddc7b70b2, 0, 000, 0xe0f8483faafdc87403b01f4bf45bddfd4c216e3fa22628158604094ddc7b70b2
032, 0x0000000000000000000000000000000000000000000000000000000000000000, 0xe0f8483faafdc87403b01f4bf45bddfd4c216e3fa22628158604094ddc7b70b2, 0, 003, 0x07c241f857ee43a01d80fa58a2deefe8610b71f8113140a830204a68e3db8590
032, 0x0000000000000000000000000000000000000000000000000000000000000000, 0xe0f8483faafdc87403b01f4bf45bddfd4c216e3fa22628158604094ddc7b70b2, 0, 011, 0xc241f800ee43a00080fa5800deefe8000b71f8003140a800204a6800db859000
032, 0x0000000000000000000000000000000000000000000000000000000000000000, 0xe0f8483faafdc87403b01f4bf45bddfd4c216e3fa22628158604094ddc7b70b2, 0, 016, 0x483f0000c87400001f4b0000ddfd00006e3f000028150000094d000070b20000
032, 0x0000000000000000000000000000000000000000000000000000000000000000, 0xe0f8483faafdc87403b01f4bf45bddfd4c216e3fa22628158604094ddc7b70b2, 0, 022, 0x0fc000001d000000d2c000007f4000008fc0000005400000534000002c800000
032, 0x0000000000000000000000000000000000000000000000000000000000000000, 0xe0f8483faafdc87403b01f4bf45bddfd4c216e3fa22628158604094ddc7b70b2, 0, 032, 0x0000000000000000000000000000000000000000000000000000000000000000
064, 0x0000000000000000000000000000000000000000000000000000000000000000, 0xcb1455020388961b4a2c0b2ed580d07a6fb43896cdaac55d9f964f47e0c47dc3, 1, 000, 0xcb1455020388961b4a2c0b2ed580d07a6fb43896cdaac55d9f964f47e0c47dc3
064, 0x0000000000000000000000000000000000000000000000000000000000000000, 0xcb1455020388961b4a2c0b2ed580d07a6fb43896cdaac55d9f964f47e0c47dc3, 1, 003, 0x19628aa0407112c309458165dab01a0f0df68712d9b558ab13f2c9e8fc188fb8
064, 0x0000000000000000000000000000000000000000000000000000000000000000, 0xcb1455020388961b4a2c0b2ed580d07a6fb43896cdaac55d9f964f47e0c47dc3, 1, 011, 0x0019628aa04071120009458165dab01a000df68712d9b5580013f2c9e8fc188f
064, 0x0000000000000000000000000000000000000000000000000000000000000000, 0xcb1455020388961b4a2c0b2ed580d07a6fb43896cdaac55d9f964f47e0c47dc3, 1, 016, 0x0000cb145502038800004a2c0b2ed58000006fb43896cdaa00009f964f47e0c4
064, 0x0000000000000000000000000000000000000000000000000000000000000000, 0xcb1455020388961b4a2c0b2ed580d07a6fb43896cdaac55d9f964f47e0c47dc3, 1, 022, 0x0000032c5154080e00000128b02cbb56000001bed0e25b360000027e593d1f83
064, 0x0000000000000000000000000000000000000000000000000000000000000000, 0xcb1455020388961b4a2c0b2ed580d07a6fb43896cdaac55d9f964f47e0c47dc3, 1, 032, 0x00000000cb145502000000004a2c0b2e000000006fb43896000000009f964f47
064, 0x0000000000000000000000000000000000000000000000000000000000000000, 0xcb1455020388961b4a2c0b2ed580d07a6fb43896cdaac55d9f964f47e0c47dc3, 1, 055, 0x0000000000000196000000000000009400000000000000df000000000000013f
064, 0x0000000000000000000000000000000000000000000000000000000000000000, 0xcb1455020388961b4a2c0b2ed580d07a6fb43896cdaac55d9f964f47e0c47dc3, 1, 064, 0x0000000000000000000000000000000000000000000000000000000000000000
064, 0x0000000000000000000000000000000000000000000000000000000000000000, 0xcb1455020388961b4a2c0b2ed580d07a6fb43896cdaac55d9f964f47e0c47dc3, 0, 000, 0xcb1455020388961b4a2c0b2ed580d07a6fb43896cdaac55d9f964f47e0c47dc3
064, 0x0000000000000000000000000000000000000000000000000000000000000000, 0xcb1455020388961b4a2c0b2ed580d07a6fb43896cdaac55d9f964f47e0c47dc3, 0, 003, 0x58a2a8101c44b0d851605976ac0683d07da1c4b66d562ae8fcb27a3f0623ee18
064, 0x0000000000000000000000000000000000000000000000000000000000000000, 0xcb1455020388961b4a2c0b2ed580d07a6fb43896cdaac55d9f964f47e0c47dc3, 0, 011, 0xa2a8101c44b0d800605976ac0683d000a1c4b66d562ae800b27a3f0623ee1800
064, 0x0000000000000000000000000000000000000000000000000000000000000000, 0xcb1455020388961b4a2c0b2ed580d07a6fb43896cdaac55d9f964f47e0c47dc3, 0, 016, 0x55020388961b00000b2ed580d07a00003896cdaac55d00004f47e0c47dc30000
064, 0x0000000000000000000000000000000000000000000000000000000000000000, 0xcb1455020388961b4a2c0b2ed580d07a6fb43896cdaac55d9f964f47e0c47dc3, 0, 022, 0x4080e22586c00000cbb560341e80000025b36ab157400000d1f8311f70c00000
064, 0x0000000000000000000000000000000000000000000000000000000000000000, 0xcb1455020388961b4a2c0b2ed580d07a6fb43896cdaac55d9f964f47e0c47dc3, 0, 032, 0x0388961b00000000d580d07a00000000cdaac55d00000000e0c47dc300000000
064, 0x0000000000000000000000000000000000000000000000000000000000000000, 0xcb1455020388961b4a2c0b2ed580d07a6fb43896cdaac55d9f964f47e0c47dc3, 0, 055, 0x0d800000000000003d00000000000000ae80000000000000e180000000000000
064, 0x0000000000000000000000000000000000000000000000000000000000000000, 0xcb1455020388961b4a2c0b2ed580d07a6fb43896cdaac55d9f964f47e0c47dc3, 0, 064, 0x0000000000000000000000000000000000000000000000000000000000000000
128, 0x0000000000000000000000000000000000000000000000000000000000000000, 0x5512482a5a652af3dbe826cadfba068e409be4c53721c7b57ebf13edbc72d13e, 1, 000, 0x5512482a5a652af3dbe826cadfba068e409be4c53721c7b57ebf13edbc72d13e
128, 0x0000000000000000000000000000000000000000000000000000000000000000, 0x5512482a5a652af3dbe826cadfba068e409be4c53721c7b57ebf13edbc72d13e, 1, 003, 0x0aa249054b4ca55e7b7d04d95bf740d108137c98a6e438f6afd7e27db78e5a27
128, 0x0000000000000000000000000000000000000000000000000000000000000000, 0x5512482a5a652af3dbe826cadfba068e409be4c53721c7b57ebf13edbc72d13e, 1, 011, 0x000aa249054b4ca55e7b7d04d95bf7400008137c98a6e438f6afd7e27db78e5a
128, 0x0000000000000000000000000000000000000000000000000000000000000000, 0x5512482a5a652af3dbe826cadfba068e409be4c53721c7b57ebf13edbc72d13e, 1, 016, 0x00005512482a5a652af3dbe826cadfba0000409be4c53721c7b57ebf13edbc72
128, 0x0000000000000000000000000000000000000000000000000000000000000000, 0x5512482a5a652af3dbe826cadfba068e409be4c53721c7b57ebf13edbc72d13e, 1, 022, 0x000001544920a96994abcf6fa09b2b7e000001026f9314dc871ed5fafc4fb6f1
128, 0x0000000000000000000000000000000000000000000000000000000000000000, 0x5512482a5a652af3dbe826cadfba068e409be4c53721c7b57ebf13edbc72d13e, 1, 032, 0x000000005512482a5a652af3dbe826ca00000000409be4c53721c7b57ebf13ed
128, 0x0000000000000000000000000000000000000000000000000000000000000000, 0x5512482a5a652af3dbe826cadfba068e409be4c53721c7b57ebf13edbc72d13e, 1, 055, 0x00000000000000aa249054b4ca55e7b7000000000000008137c98a6e438f6afd
128, 0x0000000000000000000000000000000000000000000000000000000000000000, 0x5512482a5a652af3dbe826cadfba068e409be4c53721c7b57ebf13edbc72d13e, 1, 064, 0x00000000000000005512482a5a652af30000000000000000409be4c53721c7b5
128, 0x0000000000000000000000000000000000000000000000000000000000000000, 0x5512482a5a652af3dbe826cadfba068e409be4c53721c7b57ebf13edbc72d13e, 1, 096, 0x0000000000000000000000005512482a000000000000000000000000409be4c5
128, 0x0000000000000000000000000000000000000000000000000000000000000000, 0x5512482a5a652af3dbe826cadfba068e409be4c53721c7b57ebf13edbc72d13e, 1, 111, 0x0000000000000000000000000000aa2400000000000000000000000000008137
128, 0x0000000000000000000000000000000000000000000000000000000000000000, 0x5512482a5a652af3dbe826cadfba068e409be4c53721c7b57ebf13edbc72d13e, 1, 128, 0x0000000000000000000000000000000000000000000000000000000000000000
128, 0x0000000000000000000000000000000000000000000000000000000000000000, 0x5512482a5a652af3dbe826cadfba068e409be4c53721c7b57ebf13edbc72d13e, 0, 000, 0x5512482a5a652af3dbe826cadfba068e409be4c53721c7b57ebf13edbc72d13e
128, 0x0000000000000000000000000000000000000000000000000000000000000000, 0x5512482a5a652af3dbe826cadfba068e409be4c53721c7b57ebf13edbc72d13e, 0, 003, 0xa8924152d329579edf413656fdd0347004df2629b90e3dabf5f89f6de39689f0
128, 0x0000000000000000000000000000000000000000000000000000000000000000, 0x5512482a5a652af3dbe826cadfba068e409be4c53721c7b57ebf13edbc72d13e, 0, 011, 0x924152d329579edf413656fdd0347000df2629b90e3dabf5f89f6de39689f000
128, 0x0000000000000000000000000000000000000000000000000000000000000000, 0x5512482a5a652af3dbe826cadfba068e409be4c53721c7b57ebf13edbc72d13e, 0, 016, 0x482a5a652af3dbe826cadfba068e0000e4c53721c7b57ebf13edbc72d13e0000
128, 0x0000000000000000000000000000000000000000000000000000000000000000, 0x5512482a5a652af3dbe826cadfba068e409be4c53721c7b57ebf13edbc72d13e, 0, 022, 0x0a96994abcf6fa09b2b7ee81a3800000314dc871ed5fafc4fb6f1cb44f800000
128, 0x0000000000000000000000000000000000000000000000000000000000000000, 0x5512482a5a652af3dbe826cadfba068e409be4c53721c7b57ebf13edbc72d13e, 0, 032, 0x5a652af3dbe826cadfba068e000000003721c7b57ebf13edbc72d13e00000000
128, 0x0000000000000000000000000000000000000000000000000000000000000000, 0x5512482a5a652af3dbe826cadfba068e409be4c53721c7b57ebf13edbc72d13e, 0, 055, 0x79edf413656fdd034700000000000000dabf5f89f6de39689f00000000000000
128, 0x0000000000000000000000000000000000000000000000000000000000000000, 0x5512482a5a652af3dbe826cadfba068e409be4c53721c7b57ebf13edbc72d13e, 0, 064, 0xdbe826cadfba068e00000000000000007ebf13edbc72d13e0000000000000000
128, 0x0000000000000000000000000000000000000000000000000000000000000000, 0x5512482a5a652af3dbe826cadfba068e409be4c53721c7b57ebf13edbc72d13e, 0, 096, 0xdfba068e000000000000000000000000bc72d13e000000000000000000000000
128, 0x0000000000000000000000000000000000000000000000000000000000000000, 0x5512482a5a652af3dbe826cadfba068e409be4c53721c7b57ebf13edbc72d13e, 0, 111, 0x03470000000000000000000000000000689f0000000000000000000000000000
128, 0x0000000000000000000000000000000000000000000000000000000000000000, 0x5512482a5a652af3dbe826cadfba068e409be4c53721c7b57ebf13edbc72d13e, 0, 128, 0x0000000000000000000000000000000000000000000000000000000000000000
